// Jest Snapshot v1, https://goo.gl/fbAQLP

exports[`fixtures generate fixtures 1`] = `
[
  ".gitignore",
  "app/globals.css",
  "app/layout.jsx",
  "app/page.jsx",
  "jsconfig.json",
  "next.config.js",
  "package.json",
  "postcss.config.js",
  "tailwind.config.js",
]
`;
